// Jest Snapshot v1, https://goo.gl/fbAQLP

exports[`displays error message 1`] = `
<div>
  Loading...
</div>
`;

exports[`displays loading message 1`] = `
<div>
  Loading...
</div>
`;

exports[`renders APIRequest component 1`] = `
<div>
  Loading...
</div>
`;
